// Vitest Snapshot v1, https://vitest.dev/guide/snapshot.html

exports[`MCP parity: real stdio server vs the API > locks the tool surface (any added/removed/renamed tool is a visible diff) 1`] = `
[
  "ai_assist",
  "create_content",
  "create_content_type",
  "create_delivery_key",
  "create_user",
  "create_webhook",
  "delete_asset",
  "delete_user",
  "delete_webhook",
  "delivery_get_by_id",
  "delivery_get_by_path",
  "delivery_get_by_slug",
  "delivery_global",
  "delivery_list",
  "delivery_search",
  "delivery_start",
  "discard_draft",
  "duplicate_content",
  "get_content",
  "get_content_type",
  "get_site_config",
  "import_stock_image",
  "list_assets",
  "list_audit",
  "list_blocks",
  "list_content_types",
  "list_delivery_keys",
  "list_locales",
  "list_pages",
  "list_trash",
  "list_users",
  "list_versions",
  "list_webhooks",
  "move_content",
  "publish",
  "rename_delivery_key",
  "restore_content",
  "restore_version",
  "revoke_delivery_key",
  "search_stock_images",
  "set_field",
  "set_start_page",
  "trash_content",
  "tree",
  "unpublish",
  "update_asset_alt",
  "update_content",
  "update_content_type",
  "update_user",
]
`;
